// Jest Snapshot v1, https://goo.gl/fbAQLP

exports[`AddNote component renders the complete form 1`] = `
<section
  className="AddNote"
>
  <h2>
    Create a note
  </h2>
  <NotefulForm
    onSubmit={[Function]}
  >
    <div
      className="noteField"
    >
      <div
        className="AddFolder_error"
        role="alert"
      />
      <label
        htmlFor="note-name-input"
      >
        Name
      </label>
      <input
        id="note-name-input"
        name="noteName"
        required={true}
        type="text"
      />
    </div>
    <div
      className="bodyField"
    >
      <label
        htmlFor="note-content-input"
      >
        Content
      </label>
      <textarea
        id="note-content-input"
        name="contentInput"
      />
    </div>
    <div
      className="field"
    >
      <label
        htmlFor="note-folder-select"
      >
        Folder
      </label>
      <select
        id="note-folder-select"
        name="folder"
      >
        <option
          value={null}
        >
          ...
        </option>
      </select>
    </div>
    <div
      className="buttons"
    >
      <button
        type="submit"
      >
        Add note
      </button>
    </div>
  </NotefulForm>
</section>
`;

exports[`AddNote component renders the select options from folders 1`] = `
<select
  id="note-folder-select"
  name="folder"
>
  <option
    value={null}
  >
    ...
  </option>
</select>
`;
